// Jest Snapshot v1, https://goo.gl/fbAQLP

exports[`ProductRecommendations matches snapshot 1`] = `
<LoadedView
  crossProductCourses={
    [
      {
        "courseRunKey": "course-v1:Test+Course+2022T2",
        "courseType": "executive-education-2u",
        "image": {
          "src": "https://www.image-2.com/ed79a49b-64c1-48d2-afdc-054bf921e38d-6a76ceb47dea.small.jpg",
        },
        "marketingUrl": "https://www.edx.org/course/some-course?utm_source=source",
        "owners": [
          {
            "key": "HarvardX",
            "logoImageUrl": "http://www.image.com/ef72daf3-c9a1-4c00-ba37-b3514392bdcf-8839c516815a.png",
            "name": "Harvard University",
          },
        ],
        "title": "Introduction to Computer Science",
      },
      {
        "courseRunKey": "course-v1:Test+Course+2022T2",
        "courseType": "bootcamp-2u",
        "image": {
          "src": "https://www.image-2.com/ed79a49b-64c1-48d2-afdc-054bf921e38d-6a76ceb47dea.small.jpg",
        },
        "marketingUrl": "https://www.edx.org/course/some-course?utm_source=source",
        "owners": [
          {
            "key": "HarvardX",
            "logoImageUrl": "http://www.image.com/ef72daf3-c9a1-4c00-ba37-b3514392bdcf-8839c516815a.png",
            "name": "Harvard University",
          },
        ],
        "title": "Introduction to Computer Science",
      },
    ]
  }
  openCourses={
    [
      {
        "courseRunKey": "course-v1:Test+Course+2022T2",
        "courseType": "verified-audit",
        "image": {
          "src": "https://www.image-2.com/ed79a49b-64c1-48d2-afdc-054bf921e38d-6a76ceb47dea.small.jpg",
        },
        "marketingUrl": "https://www.edx.org/course/some-course?utm_source=source",
        "owners": [
          {
            "key": "HarvardX",
            "logoImageUrl": "http://www.image.com/ef72daf3-c9a1-4c00-ba37-b3514392bdcf-8839c516815a.png",
            "name": "Harvard University",
          },
        ],
        "title": "Introduction to Computer Science",
      },
      {
        "courseRunKey": "course-v1:Test+Course+2022T2",
        "courseType": "audit",
        "image": {
          "src": "https://www.image-2.com/ed79a49b-64c1-48d2-afdc-054bf921e38d-6a76ceb47dea.small.jpg",
        },
        "marketingUrl": "https://www.edx.org/course/some-course?utm_source=source",
        "owners": [
          {
            "key": "HarvardX",
            "logoImageUrl": "http://www.image.com/ef72daf3-c9a1-4c00-ba37-b3514392bdcf-8839c516815a.png",
            "name": "Harvard University",
          },
        ],
        "title": "Introduction to Computer Science",
      },
      {
        "courseRunKey": "course-v1:Test+Course+2022T2",
        "courseType": "verified",
        "image": {
          "src": "https://www.image-2.com/ed79a49b-64c1-48d2-afdc-054bf921e38d-6a76ceb47dea.small.jpg",
        },
        "marketingUrl": "https://www.edx.org/course/some-course?utm_source=source",
        "owners": [
          {
            "key": "HarvardX",
            "logoImageUrl": "http://www.image.com/ef72daf3-c9a1-4c00-ba37-b3514392bdcf-8839c516815a.png",
            "name": "Harvard University",
          },
        ],
        "title": "Introduction to Computer Science",
      },
      {
        "courseRunKey": "course-v1:Test+Course+2022T2",
        "courseType": "course",
        "image": {
          "src": "https://www.image-2.com/ed79a49b-64c1-48d2-afdc-054bf921e38d-6a76ceb47dea.small.jpg",
        },
        "marketingUrl": "https://www.edx.org/course/some-course?utm_source=source",
        "owners": [
          {
            "key": "HarvardX",
            "logoImageUrl": "http://www.image.com/ef72daf3-c9a1-4c00-ba37-b3514392bdcf-8839c516815a.png",
            "name": "Harvard University",
          },
        ],
        "title": "Introduction to Computer Science",
      },
    ]
  }
/>
`;
